2026-04-29 14:23:36 [restartedMain] INFO  c.example.tdjmap.TdjMapApplication - Starting TdjMapApplication using Java 17.0.18 with PID 23524 (C:\Users\admin\Desktop\TDJMap\build\classes\java\main started by admin in C:\Users\admin\Desktop\TDJMap)
2026-04-29 14:23:36 [restartedMain] INFO  c.example.tdjmap.TdjMapApplication - No active profile set, falling back to 1 default profile: "default"
2026-04-29 14:23:36 [restartedMain] INFO  o.s.b.d.e.DevToolsPropertyDefaultsPostProcessor - Devtools property defaults active! Set 'spring.devtools.add-properties' to 'false' to disable
2026-04-29 14:23:36 [restartedMain] INFO  o.s.b.d.e.DevToolsPropertyDefaultsPostProcessor - For additional web related logging consider setting the 'logging.level.web' property to 'DEBUG'
2026-04-29 14:23:37 [restartedMain] INFO  o.s.d.r.c.RepositoryConfigurationDelegate - Bootstrapping Spring Data JPA repositories in DEFAULT mode.
2026-04-29 14:23:37 [restartedMain] INFO  o.s.d.r.c.RepositoryConfigurationDelegate - Finished Spring Data repository scanning in 30 ms. Found 2 JPA repository interfaces.
2026-04-29 14:23:37 [restartedMain] INFO  o.s.boot.tomcat.TomcatWebServer - Tomcat initialized with port 8080 (http)
2026-04-29 14:23:37 [restartedMain] INFO  o.a.catalina.core.StandardService - Starting service [Tomcat]
2026-04-29 14:23:37 [restartedMain] INFO  o.a.catalina.core.StandardEngine - Starting Servlet engine: [Apache Tomcat/11.0.20]
2026-04-29 14:23:37 [restartedMain] INFO  o.s.b.w.c.s.WebApplicationContextInitializer - Root WebApplicationContext: initialization completed in 1113 ms
2026-04-29 14:23:38 [restartedMain] INFO  org.hibernate.orm.jpa - HHH008540: Processing PersistenceUnitInfo [name: default]
2026-04-29 14:23:38 [restartedMain] INFO  org.hibernate.orm.core - HHH000001: Hibernate ORM core version 7.2.7.Final
2026-04-29 14:23:38 [restartedMain] INFO  o.s.o.j.p.SpringPersistenceUnitInfo - No LoadTimeWeaver setup: ignoring JPA class transformer
2026-04-29 14:23:38 [restartedMain] INFO  com.zaxxer.hikari.HikariDataSource - HikariPool-1 - Starting...
2026-04-29 14:23:38 [restartedMain] INFO  com.zaxxer.hikari.pool.HikariPool - HikariPool-1 - Added connection org.postgresql.jdbc.PgConnection@5cca8957
2026-04-29 14:23:38 [restartedMain] INFO  com.zaxxer.hikari.HikariDataSource - HikariPool-1 - Start completed.
2026-04-29 14:23:38 [restartedMain] INFO  o.hibernate.orm.connections.pooling - HHH10001005: Database info:
	Database JDBC URL [jdbc:postgresql://localhost:5432/postgres]
	Database driver: PostgreSQL JDBC Driver
	Database dialect: PostgreSQLDialect
	Database version: 17.9
	Default catalog/schema: postgres/public
	Autocommit mode: undefined/unknown
	Isolation level: READ_COMMITTED [default READ_COMMITTED]
	JDBC fetch size: none
	Pool: DataSourceConnectionProvider
	Minimum pool size: undefined/unknown
	Maximum pool size: undefined/unknown
2026-04-29 14:23:40 [restartedMain] INFO  org.hibernate.orm.core - HHH000489: No JTA platform available (set 'hibernate.transaction.jta.platform' to enable JTA platform integration)
2026-04-29 14:23:40 [restartedMain] INFO  o.s.o.j.LocalContainerEntityManagerFactoryBean - Initialized JPA EntityManagerFactory for persistence unit 'default'
2026-04-29 14:23:40 [restartedMain] INFO  o.s.d.j.r.q.QueryEnhancerFactories - Hibernate is in classpath; If applicable, HQL parser will be used.
2026-04-29 14:23:40 [restartedMain] WARN  o.s.b.j.a.JpaBaseConfiguration$JpaWebConfiguration - spring.jpa.open-in-view is enabled by default. Therefore, database queries may be performed during view rendering. Explicitly configure spring.jpa.open-in-view to disable this warning
2026-04-29 14:23:41 [restartedMain] INFO  o.s.boot.tomcat.TomcatWebServer - Tomcat started on port 8080 (http) with context path '/'
2026-04-29 14:23:41 [restartedMain] INFO  c.example.tdjmap.TdjMapApplication - Started TdjMapApplication in 4.809 seconds (process running for 5.24)
2026-04-29 14:23:41 [restartedMain] INFO  c.e.t.s.FatSecretImporterService - 총 53개 브랜드 처리 시작
2026-04-29 15:30:16 [File Watcher] INFO  o.s.b.d.a.LocalDevToolsAutoConfiguration$RestartingClassPathChangeChangedEventListener - Restarting due to 15 class path changes (0 additions, 15 deletions, 0 modifications)
2026-04-29 15:30:16 [Thread-1] INFO  o.s.boot.tomcat.GracefulShutdown - Commencing graceful shutdown. Waiting for active requests to complete
2026-04-29 15:30:16 [tomcat-shutdown] INFO  o.s.boot.tomcat.GracefulShutdown - Graceful shutdown complete
2026-04-29 15:30:16 [Thread-1] INFO  o.s.o.j.LocalContainerEntityManagerFactoryBean - Closing JPA EntityManagerFactory for persistence unit 'default'
2026-04-29 15:30:16 [Thread-1] INFO  com.zaxxer.hikari.HikariDataSource - HikariPool-1 - Shutdown initiated...
2026-04-29 15:30:16 [Thread-1] INFO  com.zaxxer.hikari.HikariDataSource - HikariPool-1 - Shutdown completed.
2026-04-29 15:30:16 [restartedMain] INFO  c.example.tdjmap.TdjMapApplication - Starting TdjMapApplication using Java 17.0.18 with PID 23524 (C:\Users\admin\Desktop\TDJMap\build\classes\java\main started by admin in C:\Users\admin\Desktop\TDJMap)
2026-04-29 15:30:16 [restartedMain] INFO  c.example.tdjmap.TdjMapApplication - No active profile set, falling back to 1 default profile: "default"
2026-04-29 15:30:16 [restartedMain] INFO  o.s.d.r.c.RepositoryConfigurationDelegate - Bootstrapping Spring Data JPA repositories in DEFAULT mode.
2026-04-29 15:30:16 [restartedMain] INFO  o.s.d.r.c.RepositoryConfigurationDelegate - Finished Spring Data repository scanning in 8 ms. Found 2 JPA repository interfaces.
2026-04-29 15:30:16 [restartedMain] INFO  o.s.boot.tomcat.TomcatWebServer - Tomcat initialized with port 8080 (http)
2026-04-29 15:30:16 [restartedMain] INFO  o.a.catalina.core.StandardService - Starting service [Tomcat]
2026-04-29 15:30:16 [restartedMain] INFO  o.a.catalina.core.StandardEngine - Starting Servlet engine: [Apache Tomcat/11.0.20]
2026-04-29 15:30:16 [restartedMain] INFO  o.s.b.w.c.s.WebApplicationContextInitializer - Root WebApplicationContext: initialization completed in 206 ms
2026-04-29 15:30:17 [restartedMain] INFO  org.hibernate.orm.jpa - HHH008540: Processing PersistenceUnitInfo [name: default]
2026-04-29 15:30:17 [restartedMain] INFO  o.s.o.j.p.SpringPersistenceUnitInfo - No LoadTimeWeaver setup: ignoring JPA class transformer
2026-04-29 15:30:17 [restartedMain] INFO  com.zaxxer.hikari.HikariDataSource - HikariPool-2 - Starting...
2026-04-29 15:30:17 [restartedMain] INFO  com.zaxxer.hikari.pool.HikariPool - HikariPool-2 - Added connection org.postgresql.jdbc.PgConnection@6cc4f8d6
2026-04-29 15:30:17 [restartedMain] INFO  com.zaxxer.hikari.HikariDataSource - HikariPool-2 - Start completed.
2026-04-29 15:30:17 [restartedMain] INFO  o.hibernate.orm.connections.pooling - HHH10001005: Database info:
	Database JDBC URL [jdbc:postgresql://localhost:5432/postgres]
	Database driver: PostgreSQL JDBC Driver
	Database dialect: PostgreSQLDialect
	Database version: 17.9
	Default catalog/schema: postgres/public
	Autocommit mode: undefined/unknown
	Isolation level: READ_COMMITTED [default READ_COMMITTED]
	JDBC fetch size: none
	Pool: DataSourceConnectionProvider
	Minimum pool size: undefined/unknown
	Maximum pool size: undefined/unknown
2026-04-29 15:30:17 [restartedMain] INFO  org.hibernate.orm.core - HHH000489: No JTA platform available (set 'hibernate.transaction.jta.platform' to enable JTA platform integration)
2026-04-29 15:30:17 [restartedMain] INFO  o.s.o.j.LocalContainerEntityManagerFactoryBean - Initialized JPA EntityManagerFactory for persistence unit 'default'
2026-04-29 15:30:17 [restartedMain] WARN  o.s.b.j.a.JpaBaseConfiguration$JpaWebConfiguration - spring.jpa.open-in-view is enabled by default. Therefore, database queries may be performed during view rendering. Explicitly configure spring.jpa.open-in-view to disable this warning
2026-04-29 15:30:17 [restartedMain] INFO  o.s.boot.tomcat.TomcatWebServer - Tomcat started on port 8080 (http) with context path '/'
2026-04-29 15:30:17 [restartedMain] INFO  c.example.tdjmap.TdjMapApplication - Started TdjMapApplication in 0.577 seconds (process running for 4001.389)
2026-04-29 15:30:17 [restartedMain] INFO  c.e.t.s.FatSecretImporterService - 총 53개 브랜드 처리 시작
2026-04-29 15:30:18 [restartedMain] WARN  c.e.t.service.FatSecretAuthService - Basic Auth 실패, body 방식으로 재시도: 400 Bad Request on POST request for "https://oauth.fatsecret.com/connect/token": "{"error":"invalid_client"}"
2026-04-29 15:30:18 [restartedMain] ERROR c.example.tdjmap.TdjMapApplication - importData 실패
org.springframework.web.client.HttpClientErrorException$BadRequest: 400 Bad Request on POST request for "https://oauth.fatsecret.com/connect/token": "{"error":"invalid_client"}"
	at org.springframework.web.client.HttpClientErrorException.create(HttpClientErrorException.java:106) ~[spring-web-7.0.6.jar:7.0.6]
	at org.springframework.web.client.DefaultResponseErrorHandler.handleError(DefaultResponseErrorHandler.java:144) ~[spring-web-7.0.6.jar:7.0.6]
	at org.springframework.web.client.DefaultResponseErrorHandler.handleError(DefaultResponseErrorHandler.java:119) ~[spring-web-7.0.6.jar:7.0.6]
	at org.springframework.web.client.RestTemplate.handleResponse(RestTemplate.java:807) ~[spring-web-7.0.6.jar:7.0.6]
	at org.springframework.web.client.RestTemplate.doExecute(RestTemplate.java:756) ~[spring-web-7.0.6.jar:7.0.6]
	at org.springframework.web.client.RestTemplate.execute(RestTemplate.java:677) ~[spring-web-7.0.6.jar:7.0.6]
	at org.springframework.web.client.RestTemplate.postForEntity(RestTemplate.java:430) ~[spring-web-7.0.6.jar:7.0.6]
	at com.example.tdjmap.service.FatSecretAuthService.getAccessToken(FatSecretAuthService.java:65) ~[main/:na]
	at com.example.tdjmap.service.FatSecretImporterService.importData(FatSecretImporterService.java:34) ~[main/:na]
	at java.base/jdk.internal.reflect.NativeMethodAccessorImpl.invoke0(Native Method) ~[na:na]
	at java.base/jdk.internal.reflect.NativeMethodAccessorImpl.invoke(NativeMethodAccessorImpl.java:77) ~[na:na]
	at java.base/jdk.internal.reflect.DelegatingMethodAccessorImpl.invoke(DelegatingMethodAccessorImpl.java:43) ~[na:na]
	at java.base/java.lang.reflect.Method.invoke(Method.java:569) ~[na:na]
	at org.springframework.aop.support.AopUtils.invokeJoinpointUsingReflection(AopUtils.java:359) ~[spring-aop-7.0.6.jar:7.0.6]
	at org.springframework.aop.framework.CglibAopProxy$DynamicAdvisedInterceptor.intercept(CglibAopProxy.java:715) ~[spring-aop-7.0.6.jar:7.0.6]
	at com.example.tdjmap.service.FatSecretImporterService$$SpringCGLIB$$0.importData(<generated>) ~[main/:na]
	at com.example.tdjmap.TdjMapApplication.lambda$commandLineRunner$0(TdjMapApplication.java:28) ~[main/:na]
	at org.springframework.boot.SpringApplication.lambda$callRunner$1(SpringApplication.java:792) ~[spring-boot-4.0.5.jar:4.0.5]
	at org.springframework.util.function.ThrowingConsumer$1.acceptWithException(ThrowingConsumer.java:82) ~[spring-core-7.0.6.jar:7.0.6]
	at org.springframework.util.function.ThrowingConsumer.accept(ThrowingConsumer.java:60) ~[spring-core-7.0.6.jar:7.0.6]
	at org.springframework.util.function.ThrowingConsumer$1.accept(ThrowingConsumer.java:86) ~[spring-core-7.0.6.jar:7.0.6]
	at org.springframework.boot.SpringApplication.callRunner(SpringApplication.java:800) ~[spring-boot-4.0.5.jar:4.0.5]
	at org.springframework.boot.SpringApplication.callRunner(SpringApplication.java:791) ~[spring-boot-4.0.5.jar:4.0.5]
	at org.springframework.boot.SpringApplication.lambda$callRunners$0(SpringApplication.java:776) ~[spring-boot-4.0.5.jar:4.0.5]
	at java.base/java.util.stream.ForEachOps$ForEachOp$OfRef.accept(ForEachOps.java:183) ~[na:na]
	at java.base/java.util.stream.SortedOps$SizedRefSortingSink.end(SortedOps.java:357) ~[na:na]
	at java.base/java.util.stream.AbstractPipeline.copyInto(AbstractPipeline.java:510) ~[na:na]
	at java.base/java.util.stream.AbstractPipeline.wrapAndCopyInto(AbstractPipeline.java:499) ~[na:na]
	at java.base/java.util.stream.ForEachOps$ForEachOp.evaluateSequential(ForEachOps.java:150) ~[na:na]
	at java.base/java.util.stream.ForEachOps$ForEachOp$OfRef.evaluateSequential(ForEachOps.java:173) ~[na:na]
	at java.base/java.util.stream.AbstractPipeline.evaluate(AbstractPipeline.java:234) ~[na:na]
	at java.base/java.util.stream.ReferencePipeline.forEach(ReferencePipeline.java:596) ~[na:na]
	at org.springframework.boot.SpringApplication.callRunners(SpringApplication.java:776) ~[spring-boot-4.0.5.jar:4.0.5]
	at org.springframework.boot.SpringApplication.run(SpringApplication.java:328) ~[spring-boot-4.0.5.jar:4.0.5]
	at org.springframework.boot.SpringApplication.run(SpringApplication.java:1365) ~[spring-boot-4.0.5.jar:4.0.5]
	at org.springframework.boot.SpringApplication.run(SpringApplication.java:1354) ~[spring-boot-4.0.5.jar:4.0.5]
	at com.example.tdjmap.TdjMapApplication.main(TdjMapApplication.java:19) ~[main/:na]
	at java.base/jdk.internal.reflect.NativeMethodAccessorImpl.invoke0(Native Method) ~[na:na]
	at java.base/jdk.internal.reflect.NativeMethodAccessorImpl.invoke(NativeMethodAccessorImpl.java:77) ~[na:na]
	at java.base/jdk.internal.reflect.DelegatingMethodAccessorImpl.invoke(DelegatingMethodAccessorImpl.java:43) ~[na:na]
	at java.base/java.lang.reflect.Method.invoke(Method.java:569) ~[na:na]
	at org.springframework.boot.devtools.restart.RestartLauncher.run(RestartLauncher.java:52) ~[spring-boot-devtools-4.0.5.jar:4.0.5]
2026-04-29 15:30:18 [restartedMain] INFO  o.s.b.d.a.ConditionEvaluationDeltaLoggingListener - Condition evaluation unchanged
2026-04-29 15:30:18 [File Watcher] INFO  o.s.b.d.a.LocalDevToolsAutoConfiguration$RestartingClassPathChangeChangedEventListener - Restarting due to 11 class path changes (11 additions, 0 deletions, 0 modifications)
2026-04-29 15:30:18 [Thread-5] INFO  o.s.boot.tomcat.GracefulShutdown - Commencing graceful shutdown. Waiting for active requests to complete
2026-04-29 15:30:18 [tomcat-shutdown] INFO  o.s.boot.tomcat.GracefulShutdown - Graceful shutdown complete
2026-04-29 15:30:18 [Thread-5] INFO  o.s.o.j.LocalContainerEntityManagerFactoryBean - Closing JPA EntityManagerFactory for persistence unit 'default'
2026-04-29 15:30:18 [Thread-5] INFO  com.zaxxer.hikari.HikariDataSource - HikariPool-2 - Shutdown initiated...
2026-04-29 15:30:18 [Thread-5] INFO  com.zaxxer.hikari.HikariDataSource - HikariPool-2 - Shutdown completed.
2026-04-29 15:30:18 [restartedMain] INFO  c.example.tdjmap.TdjMapApplication - Starting TdjMapApplication using Java 17.0.18 with PID 23524 (C:\Users\admin\Desktop\TDJMap\build\classes\java\main started by admin in C:\Users\admin\Desktop\TDJMap)
2026-04-29 15:30:18 [restartedMain] INFO  c.example.tdjmap.TdjMapApplication - No active profile set, falling back to 1 default profile: "default"
2026-04-29 15:30:19 [restartedMain] INFO  o.s.d.r.c.RepositoryConfigurationDelegate - Bootstrapping Spring Data JPA repositories in DEFAULT mode.
2026-04-29 15:30:19 [restartedMain] INFO  o.s.d.r.c.RepositoryConfigurationDelegate - Finished Spring Data repository scanning in 7 ms. Found 2 JPA repository interfaces.
2026-04-29 15:30:19 [restartedMain] INFO  o.s.boot.tomcat.TomcatWebServer - Tomcat initialized with port 8080 (http)
2026-04-29 15:30:19 [restartedMain] INFO  o.a.catalina.core.StandardService - Starting service [Tomcat]
2026-04-29 15:30:19 [restartedMain] INFO  o.a.catalina.core.StandardEngine - Starting Servlet engine: [Apache Tomcat/11.0.20]
2026-04-29 15:30:19 [restartedMain] INFO  o.s.b.w.c.s.WebApplicationContextInitializer - Root WebApplicationContext: initialization completed in 166 ms
2026-04-29 15:30:19 [restartedMain] INFO  org.hibernate.orm.jpa - HHH008540: Processing PersistenceUnitInfo [name: default]
2026-04-29 15:30:19 [restartedMain] INFO  o.s.o.j.p.SpringPersistenceUnitInfo - No LoadTimeWeaver setup: ignoring JPA class transformer
2026-04-29 15:30:19 [restartedMain] INFO  com.zaxxer.hikari.HikariDataSource - HikariPool-3 - Starting...
2026-04-29 15:30:19 [restartedMain] INFO  com.zaxxer.hikari.pool.HikariPool - HikariPool-3 - Added connection org.postgresql.jdbc.PgConnection@686d9c27
2026-04-29 15:30:19 [restartedMain] INFO  com.zaxxer.hikari.HikariDataSource - HikariPool-3 - Start completed.
2026-04-29 15:30:19 [restartedMain] INFO  o.hibernate.orm.connections.pooling - HHH10001005: Database info:
	Database JDBC URL [jdbc:postgresql://localhost:5432/postgres]
	Database driver: PostgreSQL JDBC Driver
	Database dialect: PostgreSQLDialect
	Database version: 17.9
	Default catalog/schema: postgres/public
	Autocommit mode: undefined/unknown
	Isolation level: READ_COMMITTED [default READ_COMMITTED]
	JDBC fetch size: none
	Pool: DataSourceConnectionProvider
	Minimum pool size: undefined/unknown
	Maximum pool size: undefined/unknown
2026-04-29 15:30:19 [restartedMain] INFO  org.hibernate.orm.core - HHH000489: No JTA platform available (set 'hibernate.transaction.jta.platform' to enable JTA platform integration)
2026-04-29 15:30:19 [restartedMain] INFO  o.s.o.j.LocalContainerEntityManagerFactoryBean - Initialized JPA EntityManagerFactory for persistence unit 'default'
2026-04-29 15:30:19 [restartedMain] WARN  o.s.b.j.a.JpaBaseConfiguration$JpaWebConfiguration - spring.jpa.open-in-view is enabled by default. Therefore, database queries may be performed during view rendering. Explicitly configure spring.jpa.open-in-view to disable this warning
2026-04-29 15:30:19 [restartedMain] INFO  o.s.boot.tomcat.TomcatWebServer - Tomcat started on port 8080 (http) with context path '/'
2026-04-29 15:30:19 [restartedMain] INFO  c.example.tdjmap.TdjMapApplication - Started TdjMapApplication in 0.437 seconds (process running for 4003.459)
2026-04-29 15:30:19 [restartedMain] INFO  c.e.t.s.FatSecretImporterService - 총 53개 브랜드 처리 시작
2026-04-29 15:30:19 [restartedMain] WARN  c.e.t.service.FatSecretAuthService - Basic Auth 실패, body 방식으로 재시도: 400 Bad Request on POST request for "https://oauth.fatsecret.com/connect/token": "{"error":"invalid_client"}"
2026-04-29 15:30:19 [restartedMain] ERROR c.example.tdjmap.TdjMapApplication - importData 실패
org.springframework.web.client.HttpClientErrorException$BadRequest: 400 Bad Request on POST request for "https://oauth.fatsecret.com/connect/token": "{"error":"invalid_client"}"
	at org.springframework.web.client.HttpClientErrorException.create(HttpClientErrorException.java:106) ~[spring-web-7.0.6.jar:7.0.6]
	at org.springframework.web.client.DefaultResponseErrorHandler.handleError(DefaultResponseErrorHandler.java:144) ~[spring-web-7.0.6.jar:7.0.6]
	at org.springframework.web.client.DefaultResponseErrorHandler.handleError(DefaultResponseErrorHandler.java:119) ~[spring-web-7.0.6.jar:7.0.6]
	at org.springframework.web.client.RestTemplate.handleResponse(RestTemplate.java:807) ~[spring-web-7.0.6.jar:7.0.6]
	at org.springframework.web.client.RestTemplate.doExecute(RestTemplate.java:756) ~[spring-web-7.0.6.jar:7.0.6]
	at org.springframework.web.client.RestTemplate.execute(RestTemplate.java:677) ~[spring-web-7.0.6.jar:7.0.6]
	at org.springframework.web.client.RestTemplate.postForEntity(RestTemplate.java:430) ~[spring-web-7.0.6.jar:7.0.6]
	at com.example.tdjmap.service.FatSecretAuthService.getAccessToken(FatSecretAuthService.java:65) ~[main/:na]
	at com.example.tdjmap.service.FatSecretImporterService.importData(FatSecretImporterService.java:34) ~[main/:na]
	at java.base/jdk.internal.reflect.NativeMethodAccessorImpl.invoke0(Native Method) ~[na:na]
	at java.base/jdk.internal.reflect.NativeMethodAccessorImpl.invoke(NativeMethodAccessorImpl.java:77) ~[na:na]
	at java.base/jdk.internal.reflect.DelegatingMethodAccessorImpl.invoke(DelegatingMethodAccessorImpl.java:43) ~[na:na]
	at java.base/java.lang.reflect.Method.invoke(Method.java:569) ~[na:na]
	at org.springframework.aop.support.AopUtils.invokeJoinpointUsingReflection(AopUtils.java:359) ~[spring-aop-7.0.6.jar:7.0.6]
	at org.springframework.aop.framework.CglibAopProxy$DynamicAdvisedInterceptor.intercept(CglibAopProxy.java:715) ~[spring-aop-7.0.6.jar:7.0.6]
	at com.example.tdjmap.service.FatSecretImporterService$$SpringCGLIB$$0.importData(<generated>) ~[main/:na]
	at com.example.tdjmap.TdjMapApplication.lambda$commandLineRunner$0(TdjMapApplication.java:28) ~[main/:na]
	at org.springframework.boot.SpringApplication.lambda$callRunner$1(SpringApplication.java:792) ~[spring-boot-4.0.5.jar:4.0.5]
	at org.springframework.util.function.ThrowingConsumer$1.acceptWithException(ThrowingConsumer.java:82) ~[spring-core-7.0.6.jar:7.0.6]
	at org.springframework.util.function.ThrowingConsumer.accept(ThrowingConsumer.java:60) ~[spring-core-7.0.6.jar:7.0.6]
	at org.springframework.util.function.ThrowingConsumer$1.accept(ThrowingConsumer.java:86) ~[spring-core-7.0.6.jar:7.0.6]
	at org.springframework.boot.SpringApplication.callRunner(SpringApplication.java:800) ~[spring-boot-4.0.5.jar:4.0.5]
	at org.springframework.boot.SpringApplication.callRunner(SpringApplication.java:791) ~[spring-boot-4.0.5.jar:4.0.5]
	at org.springframework.boot.SpringApplication.lambda$callRunners$0(SpringApplication.java:776) ~[spring-boot-4.0.5.jar:4.0.5]
	at java.base/java.util.stream.ForEachOps$ForEachOp$OfRef.accept(ForEachOps.java:183) ~[na:na]
	at java.base/java.util.stream.SortedOps$SizedRefSortingSink.end(SortedOps.java:357) ~[na:na]
	at java.base/java.util.stream.AbstractPipeline.copyInto(AbstractPipeline.java:510) ~[na:na]
	at java.base/java.util.stream.AbstractPipeline.wrapAndCopyInto(AbstractPipeline.java:499) ~[na:na]
	at java.base/java.util.stream.ForEachOps$ForEachOp.evaluateSequential(ForEachOps.java:150) ~[na:na]
	at java.base/java.util.stream.ForEachOps$ForEachOp$OfRef.evaluateSequential(ForEachOps.java:173) ~[na:na]
	at java.base/java.util.stream.AbstractPipeline.evaluate(AbstractPipeline.java:234) ~[na:na]
	at java.base/java.util.stream.ReferencePipeline.forEach(ReferencePipeline.java:596) ~[na:na]
	at org.springframework.boot.SpringApplication.callRunners(SpringApplication.java:776) ~[spring-boot-4.0.5.jar:4.0.5]
	at org.springframework.boot.SpringApplication.run(SpringApplication.java:328) ~[spring-boot-4.0.5.jar:4.0.5]
	at org.springframework.boot.SpringApplication.run(SpringApplication.java:1365) ~[spring-boot-4.0.5.jar:4.0.5]
	at org.springframework.boot.SpringApplication.run(SpringApplication.java:1354) ~[spring-boot-4.0.5.jar:4.0.5]
	at com.example.tdjmap.TdjMapApplication.main(TdjMapApplication.java:19) ~[main/:na]
	at java.base/jdk.internal.reflect.NativeMethodAccessorImpl.invoke0(Native Method) ~[na:na]
	at java.base/jdk.internal.reflect.NativeMethodAccessorImpl.invoke(NativeMethodAccessorImpl.java:77) ~[na:na]
	at java.base/jdk.internal.reflect.DelegatingMethodAccessorImpl.invoke(DelegatingMethodAccessorImpl.java:43) ~[na:na]
	at java.base/java.lang.reflect.Method.invoke(Method.java:569) ~[na:na]
	at org.springframework.boot.devtools.restart.RestartLauncher.run(RestartLauncher.java:52) ~[spring-boot-devtools-4.0.5.jar:4.0.5]
2026-04-29 15:30:19 [restartedMain] INFO  o.s.b.d.a.ConditionEvaluationDeltaLoggingListener - Condition evaluation unchanged
2026-04-29 15:30:46 [restartedMain] INFO  c.example.tdjmap.TdjMapApplication - Starting TdjMapApplication using Java 17.0.18 with PID 23040 (C:\Users\admin\Desktop\TDJMap\build\classes\java\main started by admin in C:\Users\admin\Desktop\TDJMap)
2026-04-29 15:30:46 [restartedMain] INFO  c.example.tdjmap.TdjMapApplication - No active profile set, falling back to 1 default profile: "default"
2026-04-29 15:30:47 [restartedMain] INFO  o.s.b.d.e.DevToolsPropertyDefaultsPostProcessor - Devtools property defaults active! Set 'spring.devtools.add-properties' to 'false' to disable
2026-04-29 15:30:47 [restartedMain] INFO  o.s.b.d.e.DevToolsPropertyDefaultsPostProcessor - For additional web related logging consider setting the 'logging.level.web' property to 'DEBUG'
2026-04-29 15:30:47 [restartedMain] INFO  o.s.d.r.c.RepositoryConfigurationDelegate - Bootstrapping Spring Data JPA repositories in DEFAULT mode.
2026-04-29 15:30:47 [restartedMain] INFO  o.s.d.r.c.RepositoryConfigurationDelegate - Finished Spring Data repository scanning in 32 ms. Found 2 JPA repository interfaces.
2026-04-29 15:30:48 [restartedMain] INFO  o.s.boot.tomcat.TomcatWebServer - Tomcat initialized with port 8080 (http)
2026-04-29 15:30:48 [restartedMain] INFO  o.a.catalina.core.StandardService - Starting service [Tomcat]
2026-04-29 15:30:48 [restartedMain] INFO  o.a.catalina.core.StandardEngine - Starting Servlet engine: [Apache Tomcat/11.0.20]
2026-04-29 15:30:48 [restartedMain] INFO  o.s.b.w.c.s.WebApplicationContextInitializer - Root WebApplicationContext: initialization completed in 1198 ms
2026-04-29 15:30:48 [restartedMain] INFO  org.hibernate.orm.jpa - HHH008540: Processing PersistenceUnitInfo [name: default]
2026-04-29 15:30:48 [restartedMain] INFO  org.hibernate.orm.core - HHH000001: Hibernate ORM core version 7.2.7.Final
2026-04-29 15:30:48 [restartedMain] INFO  o.s.o.j.p.SpringPersistenceUnitInfo - No LoadTimeWeaver setup: ignoring JPA class transformer
2026-04-29 15:30:48 [restartedMain] INFO  com.zaxxer.hikari.HikariDataSource - HikariPool-1 - Starting...
2026-04-29 15:30:48 [restartedMain] INFO  com.zaxxer.hikari.pool.HikariPool - HikariPool-1 - Added connection org.postgresql.jdbc.PgConnection@51ba9899
2026-04-29 15:30:48 [restartedMain] INFO  com.zaxxer.hikari.HikariDataSource - HikariPool-1 - Start completed.
2026-04-29 15:30:48 [restartedMain] INFO  o.hibernate.orm.connections.pooling - HHH10001005: Database info:
	Database JDBC URL [jdbc:postgresql://localhost:5432/postgres]
	Database driver: PostgreSQL JDBC Driver
	Database dialect: PostgreSQLDialect
	Database version: 17.9
	Default catalog/schema: postgres/public
	Autocommit mode: undefined/unknown
	Isolation level: READ_COMMITTED [default READ_COMMITTED]
	JDBC fetch size: none
	Pool: DataSourceConnectionProvider
	Minimum pool size: undefined/unknown
	Maximum pool size: undefined/unknown
2026-04-29 15:30:49 [restartedMain] INFO  org.hibernate.orm.core - HHH000489: No JTA platform available (set 'hibernate.transaction.jta.platform' to enable JTA platform integration)
2026-04-29 15:30:49 [restartedMain] INFO  o.s.o.j.LocalContainerEntityManagerFactoryBean - Initialized JPA EntityManagerFactory for persistence unit 'default'
2026-04-29 15:30:49 [restartedMain] INFO  o.s.d.j.r.q.QueryEnhancerFactories - Hibernate is in classpath; If applicable, HQL parser will be used.
2026-04-29 15:30:50 [restartedMain] WARN  o.s.b.j.a.JpaBaseConfiguration$JpaWebConfiguration - spring.jpa.open-in-view is enabled by default. Therefore, database queries may be performed during view rendering. Explicitly configure spring.jpa.open-in-view to disable this warning
2026-04-29 15:30:50 [restartedMain] INFO  o.s.boot.tomcat.TomcatWebServer - Tomcat started on port 8080 (http) with context path '/'
2026-04-29 15:30:50 [restartedMain] INFO  c.example.tdjmap.TdjMapApplication - Started TdjMapApplication in 3.905 seconds (process running for 4.281)
2026-04-29 15:30:50 [restartedMain] INFO  c.e.t.s.FatSecretImporterService - 총 53개 브랜드 처리 시작
2026-04-29 15:30:52 [restartedMain] INFO  c.e.t.s.FatSecretImporterService - [완료] 이삭토스트 — 신규 0건
2026-04-29 15:30:52 [restartedMain] INFO  c.e.t.s.FatSecretImporterService - [완료] 참토스트 — 신규 0건
2026-04-29 15:30:52 [restartedMain] INFO  c.e.t.s.FatSecretImporterService - [완료] 슬로우캘리 — 신규 0건
2026-04-29 15:30:52 [restartedMain] INFO  c.e.t.s.FatSecretImporterService - [완료] 토스트카페마리 — 신규 0건
2026-04-29 15:30:52 [restartedMain] INFO  c.e.t.s.FatSecretImporterService - [완료] 토스트굽는사람들 — 신규 0건
2026-04-29 15:30:53 [restartedMain] INFO  c.e.t.s.FatSecretImporterService - [완료] 석바위토스트 — 신규 0건
2026-04-29 15:30:53 [restartedMain] INFO  c.e.t.s.FatSecretImporterService - [완료] 석봉토스트 — 신규 0건
2026-04-29 15:30:53 [restartedMain] INFO  c.e.t.s.FatSecretImporterService - [완료] 오늘은토스트 — 신규 0건
2026-04-29 15:30:53 [restartedMain] INFO  c.e.t.s.FatSecretImporterService - [완료] 냥이토스트 — 신규 0건
2026-04-29 15:30:53 [restartedMain] INFO  c.e.t.s.FatSecretImporterService - [완료] 킹토스트 — 신규 0건
2026-04-29 15:30:54 [restartedMain] INFO  c.e.t.s.FatSecretImporterService - [완료] 한끼토스트 — 신규 0건
2026-04-29 15:30:54 [restartedMain] INFO  c.e.t.s.FatSecretImporterService - [완료] 기남토스트 — 신규 0건
2026-04-29 15:30:54 [restartedMain] INFO  c.e.t.s.FatSecretImporterService - [완료] 쏘자토스트 — 신규 0건
2026-04-29 15:30:54 [restartedMain] INFO  c.e.t.s.FatSecretImporterService - [완료] 토스트럭 — 신규 0건
2026-04-29 15:30:54 [restartedMain] INFO  c.e.t.s.FatSecretImporterService - [완료] 토스트데일리 — 신규 0건
2026-04-29 15:30:55 [restartedMain] INFO  c.e.t.s.FatSecretImporterService - [완료] 역전토스트 — 신규 0건
2026-04-29 15:30:55 [restartedMain] INFO  c.e.t.s.FatSecretImporterService - [완료] 밀플랜비 — 신규 0건
2026-04-29 15:30:55 [restartedMain] INFO  c.e.t.s.FatSecretImporterService - [완료] 써브웨이 — 신규 0건
2026-04-29 15:30:55 [restartedMain] INFO  c.e.t.s.FatSecretImporterService - [완료] 죠샌드위치 — 신규 0건
2026-04-29 15:30:56 [restartedMain] INFO  c.e.t.s.FatSecretImporterService - [완료] 샐러딧 — 신규 0건
2026-04-29 15:30:56 [restartedMain] INFO  c.e.t.s.FatSecretImporterService - [완료] 샌드리아 — 신규 0건
2026-04-29 15:30:56 [restartedMain] INFO  c.e.t.s.FatSecretImporterService - [완료] 에그드랍 — 신규 0건
2026-04-29 15:30:56 [restartedMain] INFO  c.e.t.s.FatSecretImporterService - [완료] 도스마스 — 신규 0건
2026-04-29 15:30:56 [restartedMain] INFO  c.e.t.s.FatSecretImporterService - [완료] 얼오브샌드위치 — 신규 0건
2026-04-29 15:30:57 [restartedMain] INFO  c.e.t.s.FatSecretImporterService - [완료] 앤도로시샌드위치 — 신규 0건
2026-04-29 15:30:57 [restartedMain] INFO  c.e.t.s.FatSecretImporterService - [완료] 숲쟁이로12샌드위치 — 신규 0건
2026-04-29 15:30:57 [restartedMain] INFO  c.e.t.s.FatSecretImporterService - [완료] 4242샌드위치 — 신규 0건
2026-04-29 15:30:57 [restartedMain] INFO  c.e.t.s.FatSecretImporterService - [완료] 뻔뻔샌드위치 — 신규 0건
2026-04-29 15:30:57 [restartedMain] INFO  c.e.t.s.FatSecretImporterService - [완료] 샌드위치클럽 — 신규 0건
2026-04-29 15:30:58 [restartedMain] INFO  c.e.t.s.FatSecretImporterService - [완료] 샌드위치랩 — 신규 0건
2026-04-29 15:30:58 [restartedMain] INFO  c.e.t.s.FatSecretImporterService - [완료] 샌드위치온 — 신규 0건
2026-04-29 15:30:58 [restartedMain] INFO  c.e.t.s.FatSecretImporterService - [완료] 저스트타임샌드위치 — 신규 0건
2026-04-29 15:30:58 [restartedMain] INFO  c.e.t.s.FatSecretImporterService - [완료] 아메리칸트레이 — 신규 0건
2026-04-29 15:30:58 [restartedMain] INFO  c.e.t.s.FatSecretImporterService - [완료] 이삼옥 — 신규 0건
2026-04-29 15:30:59 [restartedMain] INFO  c.e.t.s.FatSecretImporterService - [완료] Salabread — 신규 0건
2026-04-29 15:30:59 [restartedMain] INFO  c.e.t.s.FatSecretImporterService - [완료] 그린스미스 — 신규 0건
2026-04-29 15:30:59 [restartedMain] INFO  c.e.t.s.FatSecretImporterService - [완료] 에그존 — 신규 0건
2026-04-29 15:30:59 [restartedMain] INFO  c.e.t.s.FatSecretImporterService - [완료] 에그홀릭 — 신규 0건
2026-04-29 15:30:59 [restartedMain] INFO  c.e.t.s.FatSecretImporterService - [완료] 카페달콤차차샌드위치앤버블티 — 신규 0건
2026-04-29 15:31:00 [restartedMain] INFO  c.e.t.s.FatSecretImporterService - [완료] 포케올데이 — 신규 0건
2026-04-29 15:31:00 [restartedMain] INFO  c.e.t.s.FatSecretImporterService - [완료] 샐러디아 — 신규 0건
2026-04-29 15:31:00 [restartedMain] INFO  c.e.t.s.FatSecretImporterService - [완료] 샐러드식당 — 신규 0건
2026-04-29 15:31:00 [restartedMain] INFO  c.e.t.s.FatSecretImporterService - [완료] 샐러드박스 — 신규 0건
2026-04-29 15:31:00 [restartedMain] INFO  c.e.t.s.FatSecretImporterService - [완료] 투고샐러드 — 신규 0건
2026-04-29 15:31:01 [restartedMain] INFO  c.e.t.s.FatSecretImporterService - [완료] 샐리샐러드스토리 — 신규 0건
2026-04-29 15:31:01 [restartedMain] INFO  c.e.t.s.FatSecretImporterService - [완료] 보울레시피 — 신규 0건
2026-04-29 15:31:01 [restartedMain] INFO  c.e.t.s.FatSecretImporterService - [완료] 신선식탁 — 신규 0건
2026-04-29 15:31:01 [restartedMain] INFO  c.e.t.s.FatSecretImporterService - [완료] 오브밀 — 신규 0건
2026-04-29 15:31:01 [restartedMain] INFO  c.e.t.s.FatSecretImporterService - [완료] 저스트타임샐러드 — 신규 0건
2026-04-29 15:31:02 [restartedMain] INFO  c.e.t.s.FatSecretImporterService - [완료] 카페삼내음샐러디아 — 신규 0건
2026-04-29 15:31:02 [restartedMain] INFO  c.e.t.s.FatSecretImporterService - [완료] 역전카페 — 신규 0건
2026-04-29 15:31:02 [restartedMain] INFO  c.e.t.s.FatSecretImporterService - [완료] 카페완이 — 신규 0건
2026-04-29 15:31:02 [restartedMain] INFO  c.e.t.s.FatSecretImporterService - [완료] 삼산가맥 — 신규 0건
2026-04-29 15:31:02 [restartedMain] INFO  c.e.t.s.FatSecretImporterService - === 전체 완료: 총 0건 저장 ===
2026-04-29 15:56:22 [File Watcher] INFO  o.s.b.d.a.LocalDevToolsAutoConfiguration$RestartingClassPathChangeChangedEventListener - Restarting due to 2 class path changes (0 additions, 0 deletions, 2 modifications)
2026-04-29 15:56:22 [Thread-1] INFO  o.s.boot.tomcat.GracefulShutdown - Commencing graceful shutdown. Waiting for active requests to complete
2026-04-29 15:56:22 [tomcat-shutdown] INFO  o.s.boot.tomcat.GracefulShutdown - Graceful shutdown complete
2026-04-29 15:56:22 [Thread-1] INFO  o.s.o.j.LocalContainerEntityManagerFactoryBean - Closing JPA EntityManagerFactory for persistence unit 'default'
2026-04-29 15:56:22 [Thread-1] INFO  com.zaxxer.hikari.HikariDataSource - HikariPool-1 - Shutdown initiated...
2026-04-29 15:56:22 [Thread-1] INFO  com.zaxxer.hikari.HikariDataSource - HikariPool-1 - Shutdown completed.
2026-04-29 15:56:22 [restartedMain] INFO  c.example.tdjmap.TdjMapApplication - Starting TdjMapApplication using Java 17.0.18 with PID 23040 (C:\Users\admin\Desktop\TDJMap\build\classes\java\main started by admin in C:\Users\admin\Desktop\TDJMap)
2026-04-29 15:56:22 [restartedMain] INFO  c.example.tdjmap.TdjMapApplication - No active profile set, falling back to 1 default profile: "default"
2026-04-29 15:56:22 [restartedMain] INFO  o.s.d.r.c.RepositoryConfigurationDelegate - Bootstrapping Spring Data JPA repositories in DEFAULT mode.
2026-04-29 15:56:22 [restartedMain] INFO  o.s.d.r.c.RepositoryConfigurationDelegate - Finished Spring Data repository scanning in 9 ms. Found 2 JPA repository interfaces.
2026-04-29 15:56:22 [restartedMain] INFO  o.s.boot.tomcat.TomcatWebServer - Tomcat initialized with port 8080 (http)
2026-04-29 15:56:22 [restartedMain] INFO  o.a.catalina.core.StandardService - Starting service [Tomcat]
2026-04-29 15:56:22 [restartedMain] INFO  o.a.catalina.core.StandardEngine - Starting Servlet engine: [Apache Tomcat/11.0.20]
2026-04-29 15:56:22 [restartedMain] INFO  o.s.b.w.c.s.WebApplicationContextInitializer - Root WebApplicationContext: initialization completed in 266 ms
2026-04-29 15:56:22 [restartedMain] INFO  org.hibernate.orm.jpa - HHH008540: Processing PersistenceUnitInfo [name: default]
2026-04-29 15:56:22 [restartedMain] INFO  o.s.o.j.p.SpringPersistenceUnitInfo - No LoadTimeWeaver setup: ignoring JPA class transformer
2026-04-29 15:56:22 [restartedMain] INFO  com.zaxxer.hikari.HikariDataSource - HikariPool-2 - Starting...
2026-04-29 15:56:22 [restartedMain] INFO  com.zaxxer.hikari.pool.HikariPool - HikariPool-2 - Added connection org.postgresql.jdbc.PgConnection@619fb2f7
2026-04-29 15:56:22 [restartedMain] INFO  com.zaxxer.hikari.HikariDataSource - HikariPool-2 - Start completed.
2026-04-29 15:56:22 [restartedMain] INFO  o.hibernate.orm.connections.pooling - HHH10001005: Database info:
	Database JDBC URL [jdbc:postgresql://localhost:5432/postgres]
	Database driver: PostgreSQL JDBC Driver
	Database dialect: PostgreSQLDialect
	Database version: 17.9
	Default catalog/schema: postgres/public
	Autocommit mode: undefined/unknown
	Isolation level: READ_COMMITTED [default READ_COMMITTED]
	JDBC fetch size: none
	Pool: DataSourceConnectionProvider
	Minimum pool size: undefined/unknown
	Maximum pool size: undefined/unknown
2026-04-29 15:56:22 [restartedMain] INFO  org.hibernate.orm.core - HHH000489: No JTA platform available (set 'hibernate.transaction.jta.platform' to enable JTA platform integration)
2026-04-29 15:56:22 [restartedMain] INFO  o.s.o.j.LocalContainerEntityManagerFactoryBean - Initialized JPA EntityManagerFactory for persistence unit 'default'
2026-04-29 15:56:23 [restartedMain] WARN  o.s.b.j.a.JpaBaseConfiguration$JpaWebConfiguration - spring.jpa.open-in-view is enabled by default. Therefore, database queries may be performed during view rendering. Explicitly configure spring.jpa.open-in-view to disable this warning
2026-04-29 15:56:23 [restartedMain] INFO  o.s.boot.tomcat.TomcatWebServer - Tomcat started on port 8080 (http) with context path '/'
2026-04-29 15:56:23 [restartedMain] INFO  c.example.tdjmap.TdjMapApplication - Started TdjMapApplication in 0.693 seconds (process running for 1536.949)
2026-04-29 15:56:23 [restartedMain] INFO  c.e.t.s.FatSecretImporterService - 총 53개 브랜드 처리 시작
2026-04-29 15:56:24 [restartedMain] INFO  c.e.t.s.FatSecretImporterService - [완료] 이삭토스트 — 신규 0건
2026-04-29 15:56:24 [restartedMain] INFO  c.e.t.s.FatSecretImporterService - [완료] 참토스트 — 신규 0건
2026-04-29 15:56:25 [restartedMain] INFO  c.e.t.s.FatSecretImporterService - [완료] 슬로우캘리 — 신규 0건
2026-04-29 15:56:25 [restartedMain] INFO  c.e.t.s.FatSecretImporterService - [완료] 토스트카페마리 — 신규 0건
2026-04-29 15:56:25 [restartedMain] INFO  c.e.t.s.FatSecretImporterService - [완료] 토스트굽는사람들 — 신규 0건
2026-04-29 15:56:25 [restartedMain] INFO  c.e.t.s.FatSecretImporterService - [완료] 석바위토스트 — 신규 0건
2026-04-29 15:56:25 [restartedMain] INFO  c.e.t.s.FatSecretImporterService - [완료] 석봉토스트 — 신규 0건
2026-04-29 15:56:26 [restartedMain] INFO  c.e.t.s.FatSecretImporterService - [완료] 오늘은토스트 — 신규 0건
2026-04-29 15:56:26 [restartedMain] INFO  c.e.t.s.FatSecretImporterService - [완료] 냥이토스트 — 신규 0건
2026-04-29 15:56:26 [restartedMain] INFO  c.e.t.s.FatSecretImporterService - [완료] 킹토스트 — 신규 0건
2026-04-29 15:56:26 [restartedMain] INFO  c.e.t.s.FatSecretImporterService - [완료] 한끼토스트 — 신규 0건
2026-04-29 15:56:26 [restartedMain] INFO  c.e.t.s.FatSecretImporterService - [완료] 기남토스트 — 신규 0건
2026-04-29 15:56:27 [restartedMain] INFO  c.e.t.s.FatSecretImporterService - [완료] 쏘자토스트 — 신규 0건
2026-04-29 15:56:27 [restartedMain] INFO  c.e.t.s.FatSecretImporterService - [완료] 토스트럭 — 신규 0건
2026-04-29 15:56:27 [restartedMain] INFO  c.e.t.s.FatSecretImporterService - [완료] 토스트데일리 — 신규 0건
2026-04-29 15:56:27 [restartedMain] INFO  c.e.t.s.FatSecretImporterService - [완료] 역전토스트 — 신규 0건
2026-04-29 15:56:27 [restartedMain] INFO  c.e.t.s.FatSecretImporterService - [완료] 밀플랜비 — 신규 0건
2026-04-29 15:56:28 [restartedMain] INFO  c.e.t.s.FatSecretImporterService - [완료] 써브웨이 — 신규 0건
2026-04-29 15:56:28 [restartedMain] INFO  c.e.t.s.FatSecretImporterService - [완료] 죠샌드위치 — 신규 0건
2026-04-29 15:56:28 [restartedMain] INFO  c.e.t.s.FatSecretImporterService - [완료] 샐러딧 — 신규 0건
2026-04-29 15:56:28 [restartedMain] INFO  c.e.t.s.FatSecretImporterService - [완료] 샌드리아 — 신규 0건
2026-04-29 15:56:28 [restartedMain] INFO  c.e.t.s.FatSecretImporterService - [완료] 에그드랍 — 신규 0건
2026-04-29 15:56:29 [restartedMain] INFO  c.e.t.s.FatSecretImporterService - [완료] 도스마스 — 신규 0건
2026-04-29 15:56:29 [restartedMain] INFO  c.e.t.s.FatSecretImporterService - [완료] 얼오브샌드위치 — 신규 0건
2026-04-29 15:56:29 [restartedMain] INFO  c.e.t.s.FatSecretImporterService - [완료] 앤도로시샌드위치 — 신규 0건
2026-04-29 15:56:29 [restartedMain] INFO  c.e.t.s.FatSecretImporterService - [완료] 숲쟁이로12샌드위치 — 신규 0건
2026-04-29 15:56:29 [restartedMain] INFO  c.e.t.s.FatSecretImporterService - [완료] 4242샌드위치 — 신규 0건
2026-04-29 15:56:30 [restartedMain] INFO  c.e.t.s.FatSecretImporterService - [완료] 뻔뻔샌드위치 — 신규 0건
2026-04-29 15:56:30 [restartedMain] INFO  c.e.t.s.FatSecretImporterService - [완료] 샌드위치클럽 — 신규 0건
2026-04-29 15:56:30 [restartedMain] INFO  c.e.t.s.FatSecretImporterService - [완료] 샌드위치랩 — 신규 0건
2026-04-29 15:56:30 [restartedMain] INFO  c.e.t.s.FatSecretImporterService - [완료] 샌드위치온 — 신규 0건
2026-04-29 15:56:30 [restartedMain] INFO  c.e.t.s.FatSecretImporterService - [완료] 저스트타임샌드위치 — 신규 0건
2026-04-29 15:56:31 [restartedMain] INFO  c.e.t.s.FatSecretImporterService - [완료] 아메리칸트레이 — 신규 0건
2026-04-29 15:56:31 [restartedMain] INFO  c.e.t.s.FatSecretImporterService - [완료] 이삼옥 — 신규 0건
2026-04-29 15:56:31 [restartedMain] INFO  c.e.t.s.FatSecretImporterService - [완료] Salabread — 신규 0건
2026-04-29 15:56:31 [restartedMain] INFO  c.e.t.s.FatSecretImporterService - [완료] 그린스미스 — 신규 0건
2026-04-29 15:56:31 [restartedMain] INFO  c.e.t.s.FatSecretImporterService - [완료] 에그존 — 신규 0건
2026-04-29 15:56:32 [restartedMain] INFO  c.e.t.s.FatSecretImporterService - [완료] 에그홀릭 — 신규 0건
2026-04-29 15:56:32 [restartedMain] INFO  c.e.t.s.FatSecretImporterService - [완료] 카페달콤차차샌드위치앤버블티 — 신규 0건
2026-04-29 15:56:32 [restartedMain] INFO  c.e.t.s.FatSecretImporterService - [완료] 포케올데이 — 신규 0건
2026-04-29 15:56:32 [restartedMain] INFO  c.e.t.s.FatSecretImporterService - [완료] 샐러디아 — 신규 0건
2026-04-29 15:56:32 [restartedMain] INFO  c.e.t.s.FatSecretImporterService - [완료] 샐러드식당 — 신규 0건
2026-04-29 15:56:33 [restartedMain] INFO  c.e.t.s.FatSecretImporterService - [완료] 샐러드박스 — 신규 0건
2026-04-29 15:56:33 [restartedMain] INFO  c.e.t.s.FatSecretImporterService - [완료] 투고샐러드 — 신규 0건
2026-04-29 15:56:33 [restartedMain] INFO  c.e.t.s.FatSecretImporterService - [완료] 샐리샐러드스토리 — 신규 0건
2026-04-29 15:56:33 [restartedMain] INFO  c.e.t.s.FatSecretImporterService - [완료] 보울레시피 — 신규 0건
2026-04-29 15:56:33 [restartedMain] INFO  c.e.t.s.FatSecretImporterService - [완료] 신선식탁 — 신규 0건
2026-04-29 15:56:34 [restartedMain] INFO  c.e.t.s.FatSecretImporterService - [완료] 오브밀 — 신규 0건
2026-04-29 15:56:34 [restartedMain] INFO  c.e.t.s.FatSecretImporterService - [완료] 저스트타임샐러드 — 신규 0건
2026-04-29 15:56:34 [restartedMain] INFO  c.e.t.s.FatSecretImporterService - [완료] 카페삼내음샐러디아 — 신규 0건
2026-04-29 15:56:34 [restartedMain] INFO  c.e.t.s.FatSecretImporterService - [완료] 역전카페 — 신규 0건
2026-04-29 15:56:34 [restartedMain] INFO  c.e.t.s.FatSecretImporterService - [완료] 카페완이 — 신규 0건
2026-04-29 15:56:35 [restartedMain] INFO  c.e.t.s.FatSecretImporterService - [완료] 삼산가맥 — 신규 0건
2026-04-29 15:56:35 [restartedMain] INFO  c.e.t.s.FatSecretImporterService - === 전체 완료: 총 0건 저장 ===
2026-04-29 15:56:35 [restartedMain] INFO  o.s.b.d.a.ConditionEvaluationDeltaLoggingListener - Condition evaluation unchanged
2026-04-29 15:58:22 [restartedMain] INFO  c.example.tdjmap.TdjMapApplication - Starting TdjMapApplication using Java 17.0.18 with PID 31292 (C:\Users\admin\Desktop\TDJMap\build\classes\java\main started by admin in C:\Users\admin\Desktop\TDJMap)
2026-04-29 15:58:22 [restartedMain] INFO  c.example.tdjmap.TdjMapApplication - No active profile set, falling back to 1 default profile: "default"
2026-04-29 15:58:22 [restartedMain] INFO  o.s.b.d.e.DevToolsPropertyDefaultsPostProcessor - Devtools property defaults active! Set 'spring.devtools.add-properties' to 'false' to disable
2026-04-29 15:58:22 [restartedMain] INFO  o.s.b.d.e.DevToolsPropertyDefaultsPostProcessor - For additional web related logging consider setting the 'logging.level.web' property to 'DEBUG'
2026-04-29 15:58:22 [restartedMain] INFO  o.s.d.r.c.RepositoryConfigurationDelegate - Bootstrapping Spring Data JPA repositories in DEFAULT mode.
2026-04-29 15:58:23 [restartedMain] INFO  o.s.d.r.c.RepositoryConfigurationDelegate - Finished Spring Data repository scanning in 36 ms. Found 2 JPA repository interfaces.
2026-04-29 15:58:23 [restartedMain] INFO  o.s.boot.tomcat.TomcatWebServer - Tomcat initialized with port 8080 (http)
2026-04-29 15:58:23 [restartedMain] INFO  o.a.catalina.core.StandardService - Starting service [Tomcat]
2026-04-29 15:58:23 [restartedMain] INFO  o.a.catalina.core.StandardEngine - Starting Servlet engine: [Apache Tomcat/11.0.20]
2026-04-29 15:58:23 [restartedMain] INFO  o.s.b.w.c.s.WebApplicationContextInitializer - Root WebApplicationContext: initialization completed in 1424 ms
2026-04-29 15:58:24 [restartedMain] INFO  org.hibernate.orm.jpa - HHH008540: Processing PersistenceUnitInfo [name: default]
2026-04-29 15:58:24 [restartedMain] INFO  org.hibernate.orm.core - HHH000001: Hibernate ORM core version 7.2.7.Final
2026-04-29 15:58:24 [restartedMain] INFO  o.s.o.j.p.SpringPersistenceUnitInfo - No LoadTimeWeaver setup: ignoring JPA class transformer
2026-04-29 15:58:24 [restartedMain] INFO  com.zaxxer.hikari.HikariDataSource - HikariPool-1 - Starting...
2026-04-29 15:58:24 [restartedMain] INFO  com.zaxxer.hikari.pool.HikariPool - HikariPool-1 - Added connection org.postgresql.jdbc.PgConnection@132cd655
2026-04-29 15:58:24 [restartedMain] INFO  com.zaxxer.hikari.HikariDataSource - HikariPool-1 - Start completed.
2026-04-29 15:58:24 [restartedMain] INFO  o.hibernate.orm.connections.pooling - HHH10001005: Database info:
	Database JDBC URL [jdbc:postgresql://localhost:5432/postgres]
	Database driver: PostgreSQL JDBC Driver
	Database dialect: PostgreSQLDialect
	Database version: 17.9
	Default catalog/schema: postgres/public
	Autocommit mode: undefined/unknown
	Isolation level: READ_COMMITTED [default READ_COMMITTED]
	JDBC fetch size: none
	Pool: DataSourceConnectionProvider
	Minimum pool size: undefined/unknown
	Maximum pool size: undefined/unknown
2026-04-29 15:58:26 [restartedMain] INFO  org.hibernate.orm.core - HHH000489: No JTA platform available (set 'hibernate.transaction.jta.platform' to enable JTA platform integration)
2026-04-29 15:58:26 [restartedMain] INFO  o.s.o.j.LocalContainerEntityManagerFactoryBean - Initialized JPA EntityManagerFactory for persistence unit 'default'
2026-04-29 15:58:26 [restartedMain] INFO  o.s.d.j.r.q.QueryEnhancerFactories - Hibernate is in classpath; If applicable, HQL parser will be used.
2026-04-29 15:58:26 [restartedMain] WARN  o.s.b.j.a.JpaBaseConfiguration$JpaWebConfiguration - spring.jpa.open-in-view is enabled by default. Therefore, database queries may be performed during view rendering. Explicitly configure spring.jpa.open-in-view to disable this warning
2026-04-29 15:58:27 [restartedMain] INFO  o.s.boot.tomcat.TomcatWebServer - Tomcat started on port 8080 (http) with context path '/'
2026-04-29 15:58:27 [restartedMain] INFO  c.example.tdjmap.TdjMapApplication - Started TdjMapApplication in 5.174 seconds (process running for 5.647)
2026-04-29 15:58:27 [restartedMain] INFO  c.e.t.s.FatSecretImporterService - 총 53개 브랜드 처리 시작
2026-04-29 15:58:28 [restartedMain] INFO  c.e.t.s.FatSecretImporterService - [완료] 이삭토스트 — 신규 0건
2026-04-29 15:58:29 [restartedMain] INFO  c.e.t.s.FatSecretImporterService - [완료] 참토스트 — 신규 0건
2026-04-29 15:58:29 [restartedMain] INFO  c.e.t.s.FatSecretImporterService - [완료] 슬로우캘리 — 신규 0건
2026-04-29 15:58:29 [restartedMain] INFO  c.e.t.s.FatSecretImporterService - [완료] 토스트카페마리 — 신규 0건
2026-04-29 15:58:29 [restartedMain] INFO  c.e.t.s.FatSecretImporterService - [완료] 토스트굽는사람들 — 신규 0건
2026-04-29 15:58:29 [restartedMain] INFO  c.e.t.s.FatSecretImporterService - [완료] 석바위토스트 — 신규 0건
2026-04-29 15:58:30 [restartedMain] INFO  c.e.t.s.FatSecretImporterService - [완료] 석봉토스트 — 신규 0건
2026-04-29 15:58:30 [restartedMain] INFO  c.e.t.s.FatSecretImporterService - [완료] 오늘은토스트 — 신규 0건
2026-04-29 15:58:30 [restartedMain] INFO  c.e.t.s.FatSecretImporterService - [완료] 냥이토스트 — 신규 0건
2026-04-29 15:58:30 [restartedMain] INFO  c.e.t.s.FatSecretImporterService - [완료] 킹토스트 — 신규 0건
2026-04-29 15:58:30 [restartedMain] INFO  c.e.t.s.FatSecretImporterService - [완료] 한끼토스트 — 신규 0건
2026-04-29 15:58:31 [restartedMain] INFO  c.e.t.s.FatSecretImporterService - [완료] 기남토스트 — 신규 0건
2026-04-29 15:58:31 [restartedMain] INFO  c.e.t.s.FatSecretImporterService - [완료] 쏘자토스트 — 신규 0건
2026-04-29 15:58:31 [restartedMain] INFO  c.e.t.s.FatSecretImporterService - [완료] 토스트럭 — 신규 0건
2026-04-29 15:58:31 [restartedMain] INFO  c.e.t.s.FatSecretImporterService - [완료] 토스트데일리 — 신규 0건
2026-04-29 15:58:31 [restartedMain] INFO  c.e.t.s.FatSecretImporterService - [완료] 역전토스트 — 신규 0건
2026-04-29 15:58:32 [restartedMain] INFO  c.e.t.s.FatSecretImporterService - [완료] 밀플랜비 — 신규 0건
2026-04-29 15:58:32 [restartedMain] INFO  c.e.t.s.FatSecretImporterService - [완료] 써브웨이 — 신규 0건
2026-04-29 15:58:32 [restartedMain] INFO  c.e.t.s.FatSecretImporterService - [완료] 죠샌드위치 — 신규 0건
2026-04-29 15:58:32 [restartedMain] INFO  c.e.t.s.FatSecretImporterService - [완료] 샐러딧 — 신규 0건
2026-04-29 15:58:32 [restartedMain] INFO  c.e.t.s.FatSecretImporterService - [완료] 샌드리아 — 신규 0건
2026-04-29 15:58:33 [restartedMain] INFO  c.e.t.s.FatSecretImporterService - [완료] 에그드랍 — 신규 0건
2026-04-29 15:58:33 [restartedMain] INFO  c.e.t.s.FatSecretImporterService - [완료] 도스마스 — 신규 0건
2026-04-29 15:58:33 [restartedMain] INFO  c.e.t.s.FatSecretImporterService - [완료] 얼오브샌드위치 — 신규 0건
2026-04-29 15:58:33 [restartedMain] INFO  c.e.t.s.FatSecretImporterService - [완료] 앤도로시샌드위치 — 신규 0건
2026-04-29 15:58:33 [restartedMain] INFO  c.e.t.s.FatSecretImporterService - [완료] 숲쟁이로12샌드위치 — 신규 0건
2026-04-29 15:58:34 [restartedMain] INFO  c.e.t.s.FatSecretImporterService - [완료] 4242샌드위치 — 신규 0건
2026-04-29 15:58:34 [restartedMain] INFO  c.e.t.s.FatSecretImporterService - [완료] 뻔뻔샌드위치 — 신규 0건
2026-04-29 15:58:34 [restartedMain] INFO  c.e.t.s.FatSecretImporterService - [완료] 샌드위치클럽 — 신규 0건
2026-04-29 15:58:34 [restartedMain] INFO  c.e.t.s.FatSecretImporterService - [완료] 샌드위치랩 — 신규 0건
2026-04-29 15:58:34 [restartedMain] INFO  c.e.t.s.FatSecretImporterService - [완료] 샌드위치온 — 신규 0건
2026-04-29 15:58:35 [restartedMain] INFO  c.e.t.s.FatSecretImporterService - [완료] 저스트타임샌드위치 — 신규 0건
2026-04-29 15:58:35 [restartedMain] INFO  c.e.t.s.FatSecretImporterService - [완료] 아메리칸트레이 — 신규 0건
2026-04-29 15:58:35 [restartedMain] INFO  c.e.t.s.FatSecretImporterService - [완료] 이삼옥 — 신규 0건
2026-04-29 15:58:35 [restartedMain] INFO  c.e.t.s.FatSecretImporterService - [완료] Salabread — 신규 0건
2026-04-29 15:58:35 [restartedMain] INFO  c.e.t.s.FatSecretImporterService - [완료] 그린스미스 — 신규 0건
2026-04-29 15:58:36 [restartedMain] INFO  c.e.t.s.FatSecretImporterService - [완료] 에그존 — 신규 0건
2026-04-29 15:58:36 [restartedMain] INFO  c.e.t.s.FatSecretImporterService - [완료] 에그홀릭 — 신규 0건
2026-04-29 15:58:36 [restartedMain] INFO  c.e.t.s.FatSecretImporterService - [완료] 카페달콤차차샌드위치앤버블티 — 신규 0건
2026-04-29 15:58:36 [restartedMain] INFO  c.e.t.s.FatSecretImporterService - [완료] 포케올데이 — 신규 0건
2026-04-29 15:58:36 [restartedMain] INFO  c.e.t.s.FatSecretImporterService - [완료] 샐러디아 — 신규 0건
2026-04-29 15:58:37 [restartedMain] INFO  c.e.t.s.FatSecretImporterService - [완료] 샐러드식당 — 신규 0건
2026-04-29 15:58:37 [restartedMain] INFO  c.e.t.s.FatSecretImporterService - [완료] 샐러드박스 — 신규 0건
2026-04-29 15:58:37 [restartedMain] INFO  c.e.t.s.FatSecretImporterService - [완료] 투고샐러드 — 신규 0건
2026-04-29 15:58:37 [restartedMain] INFO  c.e.t.s.FatSecretImporterService - [완료] 샐리샐러드스토리 — 신규 0건
2026-04-29 15:58:37 [restartedMain] INFO  c.e.t.s.FatSecretImporterService - [완료] 보울레시피 — 신규 0건
2026-04-29 15:58:37 [restartedMain] INFO  c.e.t.s.FatSecretImporterService - [완료] 신선식탁 — 신규 0건
2026-04-29 15:58:38 [restartedMain] INFO  c.e.t.s.FatSecretImporterService - [완료] 오브밀 — 신규 0건
2026-04-29 15:58:38 [restartedMain] INFO  c.e.t.s.FatSecretImporterService - [완료] 저스트타임샐러드 — 신규 0건
2026-04-29 15:58:38 [restartedMain] INFO  c.e.t.s.FatSecretImporterService - [완료] 카페삼내음샐러디아 — 신규 0건
2026-04-29 15:58:38 [restartedMain] INFO  c.e.t.s.FatSecretImporterService - [완료] 역전카페 — 신규 0건
2026-04-29 15:58:38 [restartedMain] INFO  c.e.t.s.FatSecretImporterService - [완료] 카페완이 — 신규 0건
2026-04-29 15:58:39 [restartedMain] INFO  c.e.t.s.FatSecretImporterService - [완료] 삼산가맥 — 신규 0건
2026-04-29 15:58:39 [restartedMain] INFO  c.e.t.s.FatSecretImporterService - === 전체 완료: 총 0건 저장 ===
2026-04-29 16:31:21 [File Watcher] INFO  o.s.b.d.a.LocalDevToolsAutoConfiguration$RestartingClassPathChangeChangedEventListener - Restarting due to 10 class path changes (0 additions, 10 deletions, 0 modifications)
2026-04-29 16:31:21 [Thread-1] INFO  o.s.boot.tomcat.GracefulShutdown - Commencing graceful shutdown. Waiting for active requests to complete
2026-04-29 16:31:21 [tomcat-shutdown] INFO  o.s.boot.tomcat.GracefulShutdown - Graceful shutdown complete
2026-04-29 16:31:21 [Thread-1] INFO  o.s.o.j.LocalContainerEntityManagerFactoryBean - Closing JPA EntityManagerFactory for persistence unit 'default'
2026-04-29 16:31:21 [Thread-1] INFO  com.zaxxer.hikari.HikariDataSource - HikariPool-1 - Shutdown initiated...
2026-04-29 16:31:21 [Thread-1] INFO  com.zaxxer.hikari.HikariDataSource - HikariPool-1 - Shutdown completed.
2026-04-29 16:31:21 [restartedMain] INFO  c.example.tdjmap.TdjMapApplication - Starting TdjMapApplication using Java 17.0.18 with PID 31292 (C:\Users\admin\Desktop\TDJMap\build\classes\java\main started by admin in C:\Users\admin\Desktop\TDJMap)
2026-04-29 16:31:21 [restartedMain] INFO  c.example.tdjmap.TdjMapApplication - No active profile set, falling back to 1 default profile: "default"
2026-04-29 16:31:21 [restartedMain] ERROR o.s.boot.SpringApplication - Application run failed
java.lang.NoClassDefFoundError: com/example/tdjmap/service/FatSecretImporterService
	at java.base/java.lang.Class.getDeclaredConstructors0(Native Method) ~[na:na]
	at java.base/java.lang.Class.privateGetDeclaredConstructors(Class.java:3375) ~[na:na]
	at java.base/java.lang.Class.getDeclaredConstructors(Class.java:2557) ~[na:na]
	at org.springframework.boot.BeanDefinitionLoader.hasNoConstructors(BeanDefinitionLoader.java:298) ~[spring-boot-4.0.5.jar:4.0.5]
	at org.springframework.boot.BeanDefinitionLoader.isEligible(BeanDefinitionLoader.java:290) ~[spring-boot-4.0.5.jar:4.0.5]
	at org.springframework.boot.BeanDefinitionLoader.load(BeanDefinitionLoader.java:161) ~[spring-boot-4.0.5.jar:4.0.5]
	at org.springframework.boot.BeanDefinitionLoader.load(BeanDefinitionLoader.java:137) ~[spring-boot-4.0.5.jar:4.0.5]
	at org.springframework.boot.BeanDefinitionLoader.load(BeanDefinitionLoader.java:130) ~[spring-boot-4.0.5.jar:4.0.5]
	at org.springframework.boot.SpringApplication.load(SpringApplication.java:697) ~[spring-boot-4.0.5.jar:4.0.5]
	at org.springframework.boot.SpringApplication.prepareContext(SpringApplication.java:416) ~[spring-boot-4.0.5.jar:4.0.5]
	at org.springframework.boot.SpringApplication.run(SpringApplication.java:320) ~[spring-boot-4.0.5.jar:4.0.5]
	at org.springframework.boot.SpringApplication.run(SpringApplication.java:1365) ~[spring-boot-4.0.5.jar:4.0.5]
	at org.springframework.boot.SpringApplication.run(SpringApplication.java:1354) ~[spring-boot-4.0.5.jar:4.0.5]
	at com.example.tdjmap.TdjMapApplication.main(TdjMapApplication.java:19) ~[main/:na]
	at java.base/jdk.internal.reflect.NativeMethodAccessorImpl.invoke0(Native Method) ~[na:na]
	at java.base/jdk.internal.reflect.NativeMethodAccessorImpl.invoke(NativeMethodAccessorImpl.java:77) ~[na:na]
	at java.base/jdk.internal.reflect.DelegatingMethodAccessorImpl.invoke(DelegatingMethodAccessorImpl.java:43) ~[na:na]
	at java.base/java.lang.reflect.Method.invoke(Method.java:569) ~[na:na]
	at org.springframework.boot.devtools.restart.RestartLauncher.run(RestartLauncher.java:52) ~[spring-boot-devtools-4.0.5.jar:4.0.5]
Caused by: java.lang.ClassNotFoundException: com.example.tdjmap.service.FatSecretImporterService
	at java.base/jdk.internal.loader.BuiltinClassLoader.loadClass(BuiltinClassLoader.java:641) ~[na:na]
	at java.base/jdk.internal.loader.ClassLoaders$AppClassLoader.loadClass(ClassLoaders.java:188) ~[na:na]
	at java.base/java.lang.ClassLoader.loadClass(ClassLoader.java:525) ~[na:na]
	... 19 common frames omitted
2026-04-29 16:31:24 [restartedMain] INFO  c.example.tdjmap.TdjMapApplication - Starting TdjMapApplication using Java 17.0.18 with PID 31292 (C:\Users\admin\Desktop\TDJMap\build\classes\java\main started by admin in C:\Users\admin\Desktop\TDJMap)
2026-04-29 16:31:24 [restartedMain] INFO  c.example.tdjmap.TdjMapApplication - No active profile set, falling back to 1 default profile: "default"
2026-04-29 16:31:24 [restartedMain] INFO  o.s.d.r.c.RepositoryConfigurationDelegate - Bootstrapping Spring Data JPA repositories in DEFAULT mode.
2026-04-29 16:31:24 [restartedMain] INFO  o.s.d.r.c.RepositoryConfigurationDelegate - Finished Spring Data repository scanning in 6 ms. Found 2 JPA repository interfaces.
2026-04-29 16:31:24 [restartedMain] INFO  o.s.boot.tomcat.TomcatWebServer - Tomcat initialized with port 8080 (http)
2026-04-29 16:31:24 [restartedMain] INFO  o.a.catalina.core.StandardService - Starting service [Tomcat]
2026-04-29 16:31:24 [restartedMain] INFO  o.a.catalina.core.StandardEngine - Starting Servlet engine: [Apache Tomcat/11.0.20]
2026-04-29 16:31:24 [restartedMain] INFO  o.s.b.w.c.s.WebApplicationContextInitializer - Root WebApplicationContext: initialization completed in 193 ms
2026-04-29 16:31:24 [restartedMain] INFO  org.hibernate.orm.jpa - HHH008540: Processing PersistenceUnitInfo [name: default]
2026-04-29 16:31:24 [restartedMain] INFO  o.s.o.j.p.SpringPersistenceUnitInfo - No LoadTimeWeaver setup: ignoring JPA class transformer
2026-04-29 16:31:24 [restartedMain] INFO  com.zaxxer.hikari.HikariDataSource - HikariPool-2 - Starting...
2026-04-29 16:31:24 [restartedMain] INFO  com.zaxxer.hikari.pool.HikariPool - HikariPool-2 - Added connection org.postgresql.jdbc.PgConnection@2459680f
2026-04-29 16:31:24 [restartedMain] INFO  com.zaxxer.hikari.HikariDataSource - HikariPool-2 - Start completed.
2026-04-29 16:31:24 [restartedMain] INFO  o.hibernate.orm.connections.pooling - HHH10001005: Database info:
	Database JDBC URL [jdbc:postgresql://localhost:5432/postgres]
	Database driver: PostgreSQL JDBC Driver
	Database dialect: PostgreSQLDialect
	Database version: 17.9
	Default catalog/schema: postgres/public
	Autocommit mode: undefined/unknown
	Isolation level: READ_COMMITTED [default READ_COMMITTED]
	JDBC fetch size: none
	Pool: DataSourceConnectionProvider
	Minimum pool size: undefined/unknown
	Maximum pool size: undefined/unknown
2026-04-29 16:31:24 [restartedMain] INFO  org.hibernate.orm.core - HHH000489: No JTA platform available (set 'hibernate.transaction.jta.platform' to enable JTA platform integration)
2026-04-29 16:31:24 [restartedMain] INFO  o.s.o.j.LocalContainerEntityManagerFactoryBean - Initialized JPA EntityManagerFactory for persistence unit 'default'
2026-04-29 16:31:24 [restartedMain] WARN  o.s.b.j.a.JpaBaseConfiguration$JpaWebConfiguration - spring.jpa.open-in-view is enabled by default. Therefore, database queries may be performed during view rendering. Explicitly configure spring.jpa.open-in-view to disable this warning
2026-04-29 16:31:24 [restartedMain] INFO  o.s.boot.tomcat.TomcatWebServer - Tomcat started on port 8080 (http) with context path '/'
2026-04-29 16:31:24 [restartedMain] INFO  c.example.tdjmap.TdjMapApplication - Started TdjMapApplication in 0.516 seconds (process running for 1983.455)
2026-04-29 16:31:24 [restartedMain] INFO  c.e.t.s.FatSecretImporterService - 총 53개 브랜드 처리 시작
2026-04-29 16:31:34 [restartedMain] INFO  c.e.t.s.FatSecretImporterService - [완료] 이삭토스트 — 신규 1000건
2026-04-29 16:31:41 [restartedMain] INFO  c.e.t.s.FatSecretImporterService - [완료] 참토스트 — 신규 997건
2026-04-29 16:31:49 [restartedMain] INFO  c.e.t.s.FatSecretImporterService - [완료] 슬로우캘리 — 신규 999건
2026-04-29 16:31:56 [restartedMain] INFO  c.e.t.s.FatSecretImporterService - [완료] 토스트카페마리 — 신규 997건
2026-04-29 16:32:04 [restartedMain] INFO  c.e.t.s.FatSecretImporterService - [완료] 토스트굽는사람들 — 신규 996건
2026-04-29 16:32:08 [restartedMain] INFO  c.e.t.s.FatSecretImporterService - [완료] 석바위토스트 — 신규 500건
2026-04-29 16:32:09 [restartedMain] INFO  c.e.t.s.FatSecretImporterService - [완료] 석봉토스트 — 신규 100건
2026-04-29 16:32:09 [restartedMain] INFO  c.e.t.s.FatSecretImporterService - [완료] 오늘은토스트 — 신규 0건
2026-04-29 16:32:10 [restartedMain] INFO  c.e.t.s.FatSecretImporterService - [완료] 냥이토스트 — 신규 149건
2026-04-29 16:32:10 [restartedMain] INFO  c.e.t.s.FatSecretImporterService - [완료] 킹토스트 — 신규 0건
2026-04-29 16:32:12 [restartedMain] INFO  c.e.t.s.FatSecretImporterService - [완료] 한끼토스트 — 신규 150건
2026-04-29 16:32:12 [restartedMain] INFO  c.e.t.s.FatSecretImporterService - [완료] 기남토스트 — 신규 0건
2026-04-29 16:32:12 [restartedMain] INFO  c.e.t.s.FatSecretImporterService - [완료] 쏘자토스트 — 신규 0건
2026-04-29 16:32:13 [restartedMain] INFO  c.e.t.s.FatSecretImporterService - [완료] 토스트럭 — 신규 50건
2026-04-29 16:32:13 [restartedMain] INFO  c.e.t.s.FatSecretImporterService - [완료] 토스트데일리 — 신규 0건
2026-04-29 16:32:13 [restartedMain] INFO  c.e.t.s.FatSecretImporterService - [완료] 역전토스트 — 신규 0건
2026-04-29 16:32:13 [restartedMain] INFO  c.e.t.s.FatSecretImporterService - [완료] 밀플랜비 — 신규 0건
2026-04-29 16:32:14 [restartedMain] INFO  c.e.t.s.FatSecretImporterService - [완료] 써브웨이 — 신규 50건
2026-04-29 16:32:14 [restartedMain] INFO  c.e.t.s.FatSecretImporterService - [완료] 죠샌드위치 — 신규 0건
2026-04-29 16:32:15 [restartedMain] INFO  c.example.tdjmap.TdjMapApplication - Starting TdjMapApplication using Java 17.0.18 with PID 31536 (C:\Users\admin\Desktop\TDJMap\build\classes\java\main started by admin in C:\Users\admin\Desktop\TDJMap)
2026-04-29 16:32:15 [restartedMain] INFO  c.example.tdjmap.TdjMapApplication - No active profile set, falling back to 1 default profile: "default"
2026-04-29 16:32:15 [restartedMain] INFO  o.s.b.d.e.DevToolsPropertyDefaultsPostProcessor - Devtools property defaults active! Set 'spring.devtools.add-properties' to 'false' to disable
2026-04-29 16:32:15 [restartedMain] INFO  o.s.b.d.e.DevToolsPropertyDefaultsPostProcessor - For additional web related logging consider setting the 'logging.level.web' property to 'DEBUG'
2026-04-29 16:32:15 [restartedMain] INFO  c.e.t.s.FatSecretImporterService - [완료] 샐러딧 — 신규 50건
2026-04-29 16:32:15 [restartedMain] INFO  c.e.t.s.FatSecretImporterService - [완료] 샌드리아 — 신규 0건
2026-04-29 16:32:15 [restartedMain] INFO  o.s.d.r.c.RepositoryConfigurationDelegate - Bootstrapping Spring Data JPA repositories in DEFAULT mode.
2026-04-29 16:32:15 [restartedMain] INFO  o.s.d.r.c.RepositoryConfigurationDelegate - Finished Spring Data repository scanning in 31 ms. Found 2 JPA repository interfaces.
2026-04-29 16:32:16 [restartedMain] INFO  c.e.t.s.FatSecretImporterService - [완료] 에그드랍 — 신규 50건
2026-04-29 16:32:16 [restartedMain] INFO  o.s.boot.tomcat.TomcatWebServer - Tomcat initialized with port 8080 (http)
2026-04-29 16:32:16 [restartedMain] INFO  c.e.t.s.FatSecretImporterService - [완료] 도스마스 — 신규 0건
2026-04-29 16:32:16 [restartedMain] INFO  o.a.catalina.core.StandardService - Starting service [Tomcat]
2026-04-29 16:32:16 [restartedMain] INFO  o.a.catalina.core.StandardEngine - Starting Servlet engine: [Apache Tomcat/11.0.20]
2026-04-29 16:32:16 [restartedMain] INFO  o.s.b.w.c.s.WebApplicationContextInitializer - Root WebApplicationContext: initialization completed in 1163 ms
2026-04-29 16:32:16 [restartedMain] INFO  c.e.t.s.FatSecretImporterService - [완료] 얼오브샌드위치 — 신규 0건
2026-04-29 16:32:16 [restartedMain] INFO  org.hibernate.orm.jpa - HHH008540: Processing PersistenceUnitInfo [name: default]
2026-04-29 16:32:16 [restartedMain] INFO  org.hibernate.orm.core - HHH000001: Hibernate ORM core version 7.2.7.Final
2026-04-29 16:32:16 [restartedMain] INFO  c.e.t.s.FatSecretImporterService - [완료] 앤도로시샌드위치 — 신규 0건
2026-04-29 16:32:16 [restartedMain] INFO  c.e.t.s.FatSecretImporterService - [완료] 숲쟁이로12샌드위치 — 신규 0건
2026-04-29 16:32:17 [restartedMain] INFO  o.s.o.j.p.SpringPersistenceUnitInfo - No LoadTimeWeaver setup: ignoring JPA class transformer
2026-04-29 16:32:17 [restartedMain] INFO  com.zaxxer.hikari.HikariDataSource - HikariPool-1 - Starting...
2026-04-29 16:32:17 [restartedMain] INFO  com.zaxxer.hikari.pool.HikariPool - HikariPool-1 - Added connection org.postgresql.jdbc.PgConnection@23441f8
2026-04-29 16:32:17 [restartedMain] INFO  com.zaxxer.hikari.HikariDataSource - HikariPool-1 - Start completed.
2026-04-29 16:32:17 [restartedMain] INFO  o.hibernate.orm.connections.pooling - HHH10001005: Database info:
	Database JDBC URL [jdbc:postgresql://localhost:5432/postgres]
	Database driver: PostgreSQL JDBC Driver
	Database dialect: PostgreSQLDialect
	Database version: 17.9
	Default catalog/schema: postgres/public
	Autocommit mode: undefined/unknown
	Isolation level: READ_COMMITTED [default READ_COMMITTED]
	JDBC fetch size: none
	Pool: DataSourceConnectionProvider
	Minimum pool size: undefined/unknown
	Maximum pool size: undefined/unknown
2026-04-29 16:32:17 [restartedMain] INFO  c.e.t.s.FatSecretImporterService - [완료] 4242샌드위치 — 신규 100건
2026-04-29 16:32:18 [restartedMain] INFO  c.e.t.s.FatSecretImporterService - [완료] 뻔뻔샌드위치 — 신규 0건
2026-04-29 16:32:18 [restartedMain] INFO  org.hibernate.orm.core - HHH000489: No JTA platform available (set 'hibernate.transaction.jta.platform' to enable JTA platform integration)
2026-04-29 16:32:18 [restartedMain] INFO  o.s.o.j.LocalContainerEntityManagerFactoryBean - Initialized JPA EntityManagerFactory for persistence unit 'default'
2026-04-29 16:32:18 [restartedMain] INFO  o.s.d.j.r.q.QueryEnhancerFactories - Hibernate is in classpath; If applicable, HQL parser will be used.
2026-04-29 16:32:18 [restartedMain] INFO  c.e.t.s.FatSecretImporterService - [완료] 샌드위치클럽 — 신규 0건
2026-04-29 16:32:18 [restartedMain] WARN  o.s.b.j.a.JpaBaseConfiguration$JpaWebConfiguration - spring.jpa.open-in-view is enabled by default. Therefore, database queries may be performed during view rendering. Explicitly configure spring.jpa.open-in-view to disable this warning
2026-04-29 16:32:18 [restartedMain] INFO  c.e.t.s.FatSecretImporterService - [완료] 샌드위치랩 — 신규 0건
2026-04-29 16:32:18 [restartedMain] INFO  c.e.t.s.FatSecretImporterService - [완료] 샌드위치온 — 신규 0건
2026-04-29 16:32:18 [restartedMain] WARN  o.s.b.w.s.s.c.AnnotationConfigServletWebServerApplicationContext - Exception encountered during context initialization - cancelling refresh attempt: org.springframework.context.ApplicationContextException: Failed to start bean 'webServerStartStop'
2026-04-29 16:32:18 [restartedMain] INFO  o.s.o.j.LocalContainerEntityManagerFactoryBean - Closing JPA EntityManagerFactory for persistence unit 'default'
2026-04-29 16:32:18 [restartedMain] INFO  com.zaxxer.hikari.HikariDataSource - HikariPool-1 - Shutdown initiated...
2026-04-29 16:32:18 [restartedMain] INFO  com.zaxxer.hikari.HikariDataSource - HikariPool-1 - Shutdown completed.
2026-04-29 16:32:18 [restartedMain] INFO  o.s.b.a.l.ConditionEvaluationReportLogger - 

Error starting ApplicationContext. To display the condition evaluation report re-run your application with 'debug' enabled.
2026-04-29 16:32:18 [restartedMain] ERROR o.s.b.d.LoggingFailureAnalysisReporter - 

***************************
APPLICATION FAILED TO START
***************************

Description:

Web server failed to start. Port 8080 was already in use.

Action:

Identify and stop the process that's listening on port 8080 or configure this application to listen on another port.

2026-04-29 16:32:18 [restartedMain] INFO  c.e.t.s.FatSecretImporterService - [완료] 저스트타임샌드위치 — 신규 0건
2026-04-29 16:32:20 [restartedMain] INFO  c.e.t.s.FatSecretImporterService - [완료] 아메리칸트레이 — 신규 150건
2026-04-29 16:32:20 [restartedMain] INFO  c.e.t.s.FatSecretImporterService - [완료] 이삼옥 — 신규 0건
2026-04-29 16:32:20 [restartedMain] INFO  c.e.t.s.FatSecretImporterService - [완료] Salabread — 신규 0건
2026-04-29 16:32:20 [restartedMain] INFO  c.e.t.s.FatSecretImporterService - [완료] 그린스미스 — 신규 0건
2026-04-29 16:32:20 [restartedMain] INFO  c.e.t.s.FatSecretImporterService - [완료] 에그존 — 신규 0건
2026-04-29 16:32:21 [restartedMain] INFO  c.e.t.s.FatSecretImporterService - [완료] 에그홀릭 — 신규 50건
2026-04-29 16:32:21 [restartedMain] INFO  c.e.t.s.FatSecretImporterService - [완료] 카페달콤차차샌드위치앤버블티 — 신규 0건
2026-04-29 16:32:21 [restartedMain] INFO  c.e.t.s.FatSecretImporterService - [완료] 포케올데이 — 신규 0건
2026-04-29 16:32:21 [restartedMain] INFO  c.e.t.s.FatSecretImporterService - [완료] 샐러디아 — 신규 0건
2026-04-29 16:32:22 [restartedMain] INFO  c.e.t.s.FatSecretImporterService - [완료] 샐러드식당 — 신규 50건
2026-04-29 16:32:22 [restartedMain] INFO  c.e.t.s.FatSecretImporterService - [완료] 샐러드박스 — 신규 0건
2026-04-29 16:32:23 [restartedMain] INFO  c.e.t.s.FatSecretImporterService - [완료] 투고샐러드 — 신규 0건
2026-04-29 16:32:23 [restartedMain] INFO  c.e.t.s.FatSecretImporterService - [완료] 샐리샐러드스토리 — 신규 0건
2026-04-29 16:32:23 [restartedMain] INFO  c.e.t.s.FatSecretImporterService - [완료] 보울레시피 — 신규 0건
2026-04-29 16:32:23 [restartedMain] INFO  c.e.t.s.FatSecretImporterService - [완료] 신선식탁 — 신규 50건
2026-04-29 16:32:24 [restartedMain] INFO  c.e.t.s.FatSecretImporterService - [완료] 오브밀 — 신규 100건
2026-04-29 16:32:24 [restartedMain] INFO  c.e.t.s.FatSecretImporterService - [완료] 저스트타임샐러드 — 신규 0건
2026-04-29 16:32:25 [restartedMain] INFO  c.e.t.s.FatSecretImporterService - [완료] 카페삼내음샐러디아 — 신규 0건
2026-04-29 16:32:26 [restartedMain] INFO  c.e.t.s.FatSecretImporterService - [완료] 역전카페 — 신규 100건
2026-04-29 16:32:26 [restartedMain] INFO  c.e.t.s.FatSecretImporterService - [완료] 카페완이 — 신규 0건
2026-04-29 16:32:26 [restartedMain] INFO  c.e.t.s.FatSecretImporterService - [완료] 삼산가맥 — 신규 0건
2026-04-29 16:32:26 [restartedMain] INFO  c.e.t.s.FatSecretImporterService - === 전체 완료: 총 6688건 저장 ===
2026-04-29 16:32:26 [restartedMain] INFO  o.s.b.d.a.ConditionEvaluationDeltaLoggingListener - Condition evaluation unchanged
2026-04-29 17:30:47 [HikariPool-2:housekeeper] WARN  com.zaxxer.hikari.pool.HikariPool - HikariPool-2 - Thread starvation or clock leap detected (housekeeper delta=1m51s317ms956µs800ns).
